// Jest Snapshot v1, https://goo.gl/fbAQLP

exports[`UserService render correctly 1`] = `
UserService {
  "jwtService": JwtService {
    "logger": Logger {
      "context": "JwtService",
      "options": {},
    },
    "options": {
      "secret": "secret",
    },
  },
  "regex": /\\^\\[\\\\w-\\\\\\.\\]\\+@\\(\\[\\\\w-\\]\\+\\\\\\.\\)\\+\\[\\\\w-\\]\\{2,4\\}\\$/g,
}
`;
