// Jest Snapshot v1, https://goo.gl/fbAQLP

exports[`UserAssociate render correctly 1`] = `
{
  "userAssociate": [Function],
  "userAttribute": {
    "exclude": [
      "id",
      "password",
    ],
    "include": [],
  },
  "userHistoryInclude": [
    {
      "as": "history",
      "attributes": {
        "exclude": [
          "id",
          "user_id",
        ],
        "include": [],
      },
      "model": [Function],
    },
  ],
  "userInclude": [
    {
      "as": "activities",
      "attributes": {
        "exclude": [
          "id",
          "user_id",
        ],
        "include": [
          "updatedAt",
        ],
      },
      "model": [Function],
    },
  ],
}
`;
