// Jest Snapshot v1, https://goo.gl/fbAQLP

exports[`UserAssociate render correctly 1`] = `
{
  "userAssociate": [Function],
  "userAttribute": {
    "exclude": [
      "id",
      "password",
    ],
    "include": [
      [
        "createdAt",
        "created_at",
      ],
      [
        "updatedAt",
        "updated_at",
      ],
    ],
  },
  "userHistoryInclude": [
    {
      "as": "order",
      "attributes": {
        "exclude": [
          "id",
          "user_id",
        ],
        "include": [
          [
            "createdAt",
            "created_at",
          ],
          [
            "updatedAt",
            "updated_at",
          ],
        ],
      },
      "include": [
        {
          "as": "history",
          "attributes": {
            "exclude": [
              "id",
              "order_id",
            ],
            "include": [
              [
                "createdAt",
                "created_at",
              ],
              [
                "updatedAt",
                "updated_at",
              ],
            ],
          },
          "model": [Function],
        },
      ],
      "model": [Function],
    },
  ],
  "userInclude": [
    {
      "as": "activities",
      "attributes": {
        "exclude": [
          "id",
          "user_id",
        ],
        "include": [
          [
            "updatedAt",
            "updated_at",
          ],
        ],
      },
      "model": [Function],
    },
  ],
}
`;
