// Jest Snapshot v1, https://goo.gl/fbAQLP

exports[`Entity render correctly 1`] = `
Sequelize {
  "config": {
    "database": "mvpapplication",
    "dialectModule": null,
    "dialectModulePath": null,
    "dialectOptions": undefined,
    "host": "127.0.0.1",
    "keepDefaultTimezone": undefined,
    "native": false,
    "password": "password",
    "pool": {},
    "port": 5432,
    "protocol": "tcp",
    "replication": false,
    "ssl": undefined,
    "username": "root",
  },
  "connectionManager": ConnectionManager {
    "config": {
      "database": "mvpapplication",
      "dialectModule": null,
      "dialectModulePath": null,
      "dialectOptions": undefined,
      "host": "127.0.0.1",
      "keepDefaultTimezone": undefined,
      "native": false,
      "password": "password",
      "pool": {
        "acquire": 60000,
        "evict": 1000,
        "idle": 10000,
        "max": 5,
        "min": 0,
        "validate": [Function],
      },
      "port": 5432,
      "protocol": "tcp",
      "replication": false,
      "ssl": undefined,
      "username": "root",
    },
    "connections": {},
    "dialect": SqliteDialect {
      "connectionManager": [Circular],
      "queryGenerator": SQLiteQueryGenerator {
        "OperatorMap": {
          Symbol(eq): "=",
          Symbol(ne): "!=",
          Symbol(gte): ">=",
          Symbol(gt): ">",
          Symbol(lte): "<=",
          Symbol(lt): "<",
          Symbol(not): "IS NOT",
          Symbol(is): "IS",
          Symbol(in): "IN",
          Symbol(notIn): "NOT IN",
          Symbol(like): "LIKE",
          Symbol(notLike): "NOT LIKE",
          Symbol(iLike): "ILIKE",
          Symbol(notILike): "NOT ILIKE",
          Symbol(startsWith): "LIKE",
          Symbol(endsWith): "LIKE",
          Symbol(substring): "LIKE",
          Symbol(regexp): "REGEXP",
          Symbol(notRegexp): "NOT REGEXP",
          Symbol(iRegexp): "~*",
          Symbol(notIRegexp): "!~*",
          Symbol(between): "BETWEEN",
          Symbol(notBetween): "NOT BETWEEN",
          Symbol(overlap): "&&",
          Symbol(contains): "@>",
          Symbol(contained): "<@",
          Symbol(adjacent): "-|-",
          Symbol(strictLeft): "<<",
          Symbol(strictRight): ">>",
          Symbol(noExtendRight): "&<",
          Symbol(noExtendLeft): "&>",
          Symbol(any): "ANY",
          Symbol(all): "ALL",
          Symbol(and): " AND ",
          Symbol(or): " OR ",
          Symbol(col): "COL",
          Symbol(placeholder): "$$PLACEHOLDER$$",
          Symbol(match): "@@",
        },
        "_dialect": [Circular],
        "_quoteIdentifier": [Function],
        "dialect": "sqlite",
        "options": {
          "attributeBehavior": "throw",
          "benchmark": false,
          "database": "mvpapplication",
          "databaseVersion": 0,
          "define": {},
          "dialect": "sqlite",
          "dialectModule": null,
          "dialectModulePath": null,
          "hooks": {},
          "host": "127.0.0.1",
          "isolationLevel": null,
          "logQueryParameters": false,
          "logging": false,
          "minifyAliases": false,
          "native": false,
          "omitNull": false,
          "pool": {},
          "port": 5432,
          "protocol": "tcp",
          "query": {},
          "quoteIdentifiers": true,
          "replication": false,
          "retry": {
            "match": [
              "SQLITE_BUSY: database is locked",
            ],
            "max": 5,
          },
          "ssl": undefined,
          "standardConformingStrings": true,
          "storage": "/Users/kenedy-/projects/mvpapplication/src/utils/mvpapplication.sqlite",
          "sync": {},
          "timezone": "+00:00",
          "transactionType": "DEFERRED",
          "typeValidation": false,
        },
        "quoteIdentifier": [Function],
        "sequelize": [Circular],
        "typeValidation": undefined,
      },
      "queryInterface": SQLiteQueryInterface {
        "queryGenerator": SQLiteQueryGenerator {
          "OperatorMap": {
            Symbol(eq): "=",
            Symbol(ne): "!=",
            Symbol(gte): ">=",
            Symbol(gt): ">",
            Symbol(lte): "<=",
            Symbol(lt): "<",
            Symbol(not): "IS NOT",
            Symbol(is): "IS",
            Symbol(in): "IN",
            Symbol(notIn): "NOT IN",
            Symbol(like): "LIKE",
            Symbol(notLike): "NOT LIKE",
            Symbol(iLike): "ILIKE",
            Symbol(notILike): "NOT ILIKE",
            Symbol(startsWith): "LIKE",
            Symbol(endsWith): "LIKE",
            Symbol(substring): "LIKE",
            Symbol(regexp): "REGEXP",
            Symbol(notRegexp): "NOT REGEXP",
            Symbol(iRegexp): "~*",
            Symbol(notIRegexp): "!~*",
            Symbol(between): "BETWEEN",
            Symbol(notBetween): "NOT BETWEEN",
            Symbol(overlap): "&&",
            Symbol(contains): "@>",
            Symbol(contained): "<@",
            Symbol(adjacent): "-|-",
            Symbol(strictLeft): "<<",
            Symbol(strictRight): ">>",
            Symbol(noExtendRight): "&<",
            Symbol(noExtendLeft): "&>",
            Symbol(any): "ANY",
            Symbol(all): "ALL",
            Symbol(and): " AND ",
            Symbol(or): " OR ",
            Symbol(col): "COL",
            Symbol(placeholder): "$$PLACEHOLDER$$",
            Symbol(match): "@@",
          },
          "_dialect": [Circular],
          "_quoteIdentifier": [Function],
          "dialect": "sqlite",
          "options": {
            "attributeBehavior": "throw",
            "benchmark": false,
            "database": "mvpapplication",
            "databaseVersion": 0,
            "define": {},
            "dialect": "sqlite",
            "dialectModule": null,
            "dialectModulePath": null,
            "hooks": {},
            "host": "127.0.0.1",
            "isolationLevel": null,
            "logQueryParameters": false,
            "logging": false,
            "minifyAliases": false,
            "native": false,
            "omitNull": false,
            "pool": {},
            "port": 5432,
            "protocol": "tcp",
            "query": {},
            "quoteIdentifiers": true,
            "replication": false,
            "retry": {
              "match": [
                "SQLITE_BUSY: database is locked",
              ],
              "max": 5,
            },
            "ssl": undefined,
            "standardConformingStrings": true,
            "storage": "/Users/kenedy-/projects/mvpapplication/src/utils/mvpapplication.sqlite",
            "sync": {},
            "timezone": "+00:00",
            "transactionType": "DEFERRED",
            "typeValidation": false,
          },
          "quoteIdentifier": [Function],
          "sequelize": [Circular],
          "typeValidation": undefined,
        },
        "sequelize": [Circular],
      },
      "sequelize": [Circular],
    },
    "dialectName": "sqlite",
    "lib": {
      "ABORT": 4,
      "AUTH": 23,
      "BUSY": 5,
      "Backup": [Function],
      "CANTOPEN": 14,
      "CONSTRAINT": 19,
      "CORRUPT": 11,
      "Database": [Function],
      "EMPTY": 16,
      "ERROR": 1,
      "FORMAT": 24,
      "FULL": 13,
      "INTERNAL": 2,
      "INTERRUPT": 9,
      "IOERR": 10,
      "LIMIT_ATTACHED": 7,
      "LIMIT_COLUMN": 2,
      "LIMIT_COMPOUND_SELECT": 4,
      "LIMIT_EXPR_DEPTH": 3,
      "LIMIT_FUNCTION_ARG": 6,
      "LIMIT_LENGTH": 0,
      "LIMIT_LIKE_PATTERN_LENGTH": 8,
      "LIMIT_SQL_LENGTH": 1,
      "LIMIT_TRIGGER_DEPTH": 10,
      "LIMIT_VARIABLE_NUMBER": 9,
      "LIMIT_VDBE_OP": 5,
      "LIMIT_WORKER_THREADS": 11,
      "LOCKED": 6,
      "MISMATCH": 20,
      "MISUSE": 21,
      "NOLFS": 22,
      "NOMEM": 7,
      "NOTADB": 26,
      "NOTFOUND": 12,
      "OK": 0,
      "OPEN_CREATE": 4,
      "OPEN_FULLMUTEX": 65536,
      "OPEN_PRIVATECACHE": 262144,
      "OPEN_READONLY": 1,
      "OPEN_READWRITE": 2,
      "OPEN_SHAREDCACHE": 131072,
      "OPEN_URI": 64,
      "PERM": 3,
      "PROTOCOL": 15,
      "RANGE": 25,
      "READONLY": 8,
      "SCHEMA": 17,
      "SOURCE_ID": "2023-03-10 12:13:52 20399f3eda5ec249d147ba9e48da6e87f969d7966a9a896764ca437ff7e737ff",
      "Statement": [Function],
      "TOOBIG": 18,
      "VERSION": "3.41.1",
      "VERSION_NUMBER": 3041001,
      "cached": {
        "Database": [Function],
        "objects": {},
      },
      "verbose": [Function],
    },
    "pool": Pool {
      "_availableObjects": [],
      "_count": 0,
      "_draining": false,
      "_factory": {
        "acquireTimeoutMillis": 60000,
        "create": [Function],
        "destroy": [Function],
        "idleTimeoutMillis": 10000,
        "max": 5,
        "maxUses": undefined,
        "min": 0,
        "name": "sequelize",
        "reapIntervalMillis": 1000,
        "validate": [Function],
      },
      "_inUseObjects": [],
      "_pendingAcquires": [],
      "_removeIdleScheduled": false,
      "acquireTimeoutMillis": 60000,
      "idleTimeoutMillis": 10000,
      "log": false,
      "maxUsesPerResource": Infinity,
      "reapIntervalMillis": 1000,
    },
    "sequelize": [Circular],
    "versionPromise": null,
  },
  "dialect": SqliteDialect {
    "connectionManager": ConnectionManager {
      "config": {
        "database": "mvpapplication",
        "dialectModule": null,
        "dialectModulePath": null,
        "dialectOptions": undefined,
        "host": "127.0.0.1",
        "keepDefaultTimezone": undefined,
        "native": false,
        "password": "password",
        "pool": {
          "acquire": 60000,
          "evict": 1000,
          "idle": 10000,
          "max": 5,
          "min": 0,
          "validate": [Function],
        },
        "port": 5432,
        "protocol": "tcp",
        "replication": false,
        "ssl": undefined,
        "username": "root",
      },
      "connections": {},
      "dialect": [Circular],
      "dialectName": "sqlite",
      "lib": {
        "ABORT": 4,
        "AUTH": 23,
        "BUSY": 5,
        "Backup": [Function],
        "CANTOPEN": 14,
        "CONSTRAINT": 19,
        "CORRUPT": 11,
        "Database": [Function],
        "EMPTY": 16,
        "ERROR": 1,
        "FORMAT": 24,
        "FULL": 13,
        "INTERNAL": 2,
        "INTERRUPT": 9,
        "IOERR": 10,
        "LIMIT_ATTACHED": 7,
        "LIMIT_COLUMN": 2,
        "LIMIT_COMPOUND_SELECT": 4,
        "LIMIT_EXPR_DEPTH": 3,
        "LIMIT_FUNCTION_ARG": 6,
        "LIMIT_LENGTH": 0,
        "LIMIT_LIKE_PATTERN_LENGTH": 8,
        "LIMIT_SQL_LENGTH": 1,
        "LIMIT_TRIGGER_DEPTH": 10,
        "LIMIT_VARIABLE_NUMBER": 9,
        "LIMIT_VDBE_OP": 5,
        "LIMIT_WORKER_THREADS": 11,
        "LOCKED": 6,
        "MISMATCH": 20,
        "MISUSE": 21,
        "NOLFS": 22,
        "NOMEM": 7,
        "NOTADB": 26,
        "NOTFOUND": 12,
        "OK": 0,
        "OPEN_CREATE": 4,
        "OPEN_FULLMUTEX": 65536,
        "OPEN_PRIVATECACHE": 262144,
        "OPEN_READONLY": 1,
        "OPEN_READWRITE": 2,
        "OPEN_SHAREDCACHE": 131072,
        "OPEN_URI": 64,
        "PERM": 3,
        "PROTOCOL": 15,
        "RANGE": 25,
        "READONLY": 8,
        "SCHEMA": 17,
        "SOURCE_ID": "2023-03-10 12:13:52 20399f3eda5ec249d147ba9e48da6e87f969d7966a9a896764ca437ff7e737ff",
        "Statement": [Function],
        "TOOBIG": 18,
        "VERSION": "3.41.1",
        "VERSION_NUMBER": 3041001,
        "cached": {
          "Database": [Function],
          "objects": {},
        },
        "verbose": [Function],
      },
      "pool": Pool {
        "_availableObjects": [],
        "_count": 0,
        "_draining": false,
        "_factory": {
          "acquireTimeoutMillis": 60000,
          "create": [Function],
          "destroy": [Function],
          "idleTimeoutMillis": 10000,
          "max": 5,
          "maxUses": undefined,
          "min": 0,
          "name": "sequelize",
          "reapIntervalMillis": 1000,
          "validate": [Function],
        },
        "_inUseObjects": [],
        "_pendingAcquires": [],
        "_removeIdleScheduled": false,
        "acquireTimeoutMillis": 60000,
        "idleTimeoutMillis": 10000,
        "log": false,
        "maxUsesPerResource": Infinity,
        "reapIntervalMillis": 1000,
      },
      "sequelize": [Circular],
      "versionPromise": null,
    },
    "queryGenerator": SQLiteQueryGenerator {
      "OperatorMap": {
        Symbol(eq): "=",
        Symbol(ne): "!=",
        Symbol(gte): ">=",
        Symbol(gt): ">",
        Symbol(lte): "<=",
        Symbol(lt): "<",
        Symbol(not): "IS NOT",
        Symbol(is): "IS",
        Symbol(in): "IN",
        Symbol(notIn): "NOT IN",
        Symbol(like): "LIKE",
        Symbol(notLike): "NOT LIKE",
        Symbol(iLike): "ILIKE",
        Symbol(notILike): "NOT ILIKE",
        Symbol(startsWith): "LIKE",
        Symbol(endsWith): "LIKE",
        Symbol(substring): "LIKE",
        Symbol(regexp): "REGEXP",
        Symbol(notRegexp): "NOT REGEXP",
        Symbol(iRegexp): "~*",
        Symbol(notIRegexp): "!~*",
        Symbol(between): "BETWEEN",
        Symbol(notBetween): "NOT BETWEEN",
        Symbol(overlap): "&&",
        Symbol(contains): "@>",
        Symbol(contained): "<@",
        Symbol(adjacent): "-|-",
        Symbol(strictLeft): "<<",
        Symbol(strictRight): ">>",
        Symbol(noExtendRight): "&<",
        Symbol(noExtendLeft): "&>",
        Symbol(any): "ANY",
        Symbol(all): "ALL",
        Symbol(and): " AND ",
        Symbol(or): " OR ",
        Symbol(col): "COL",
        Symbol(placeholder): "$$PLACEHOLDER$$",
        Symbol(match): "@@",
      },
      "_dialect": [Circular],
      "_quoteIdentifier": [Function],
      "dialect": "sqlite",
      "options": {
        "attributeBehavior": "throw",
        "benchmark": false,
        "database": "mvpapplication",
        "databaseVersion": 0,
        "define": {},
        "dialect": "sqlite",
        "dialectModule": null,
        "dialectModulePath": null,
        "hooks": {},
        "host": "127.0.0.1",
        "isolationLevel": null,
        "logQueryParameters": false,
        "logging": false,
        "minifyAliases": false,
        "native": false,
        "omitNull": false,
        "pool": {},
        "port": 5432,
        "protocol": "tcp",
        "query": {},
        "quoteIdentifiers": true,
        "replication": false,
        "retry": {
          "match": [
            "SQLITE_BUSY: database is locked",
          ],
          "max": 5,
        },
        "ssl": undefined,
        "standardConformingStrings": true,
        "storage": "/Users/kenedy-/projects/mvpapplication/src/utils/mvpapplication.sqlite",
        "sync": {},
        "timezone": "+00:00",
        "transactionType": "DEFERRED",
        "typeValidation": false,
      },
      "quoteIdentifier": [Function],
      "sequelize": [Circular],
      "typeValidation": undefined,
    },
    "queryInterface": SQLiteQueryInterface {
      "queryGenerator": SQLiteQueryGenerator {
        "OperatorMap": {
          Symbol(eq): "=",
          Symbol(ne): "!=",
          Symbol(gte): ">=",
          Symbol(gt): ">",
          Symbol(lte): "<=",
          Symbol(lt): "<",
          Symbol(not): "IS NOT",
          Symbol(is): "IS",
          Symbol(in): "IN",
          Symbol(notIn): "NOT IN",
          Symbol(like): "LIKE",
          Symbol(notLike): "NOT LIKE",
          Symbol(iLike): "ILIKE",
          Symbol(notILike): "NOT ILIKE",
          Symbol(startsWith): "LIKE",
          Symbol(endsWith): "LIKE",
          Symbol(substring): "LIKE",
          Symbol(regexp): "REGEXP",
          Symbol(notRegexp): "NOT REGEXP",
          Symbol(iRegexp): "~*",
          Symbol(notIRegexp): "!~*",
          Symbol(between): "BETWEEN",
          Symbol(notBetween): "NOT BETWEEN",
          Symbol(overlap): "&&",
          Symbol(contains): "@>",
          Symbol(contained): "<@",
          Symbol(adjacent): "-|-",
          Symbol(strictLeft): "<<",
          Symbol(strictRight): ">>",
          Symbol(noExtendRight): "&<",
          Symbol(noExtendLeft): "&>",
          Symbol(any): "ANY",
          Symbol(all): "ALL",
          Symbol(and): " AND ",
          Symbol(or): " OR ",
          Symbol(col): "COL",
          Symbol(placeholder): "$$PLACEHOLDER$$",
          Symbol(match): "@@",
        },
        "_dialect": [Circular],
        "_quoteIdentifier": [Function],
        "dialect": "sqlite",
        "options": {
          "attributeBehavior": "throw",
          "benchmark": false,
          "database": "mvpapplication",
          "databaseVersion": 0,
          "define": {},
          "dialect": "sqlite",
          "dialectModule": null,
          "dialectModulePath": null,
          "hooks": {},
          "host": "127.0.0.1",
          "isolationLevel": null,
          "logQueryParameters": false,
          "logging": false,
          "minifyAliases": false,
          "native": false,
          "omitNull": false,
          "pool": {},
          "port": 5432,
          "protocol": "tcp",
          "query": {},
          "quoteIdentifiers": true,
          "replication": false,
          "retry": {
            "match": [
              "SQLITE_BUSY: database is locked",
            ],
            "max": 5,
          },
          "ssl": undefined,
          "standardConformingStrings": true,
          "storage": "/Users/kenedy-/projects/mvpapplication/src/utils/mvpapplication.sqlite",
          "sync": {},
          "timezone": "+00:00",
          "transactionType": "DEFERRED",
          "typeValidation": false,
        },
        "quoteIdentifier": [Function],
        "sequelize": [Circular],
        "typeValidation": undefined,
      },
      "sequelize": [Circular],
    },
    "sequelize": [Circular],
  },
  "modelManager": ModelManager {
    "models": [],
    "sequelize": [Circular],
  },
  "models": {},
  "options": {
    "attributeBehavior": "throw",
    "benchmark": false,
    "database": "mvpapplication",
    "databaseVersion": 0,
    "define": {},
    "dialect": "sqlite",
    "dialectModule": null,
    "dialectModulePath": null,
    "hooks": {},
    "host": "127.0.0.1",
    "isolationLevel": null,
    "logQueryParameters": false,
    "logging": false,
    "minifyAliases": false,
    "native": false,
    "omitNull": false,
    "pool": {},
    "port": 5432,
    "protocol": "tcp",
    "query": {},
    "quoteIdentifiers": true,
    "replication": false,
    "retry": {
      "match": [
        "SQLITE_BUSY: database is locked",
      ],
      "max": 5,
    },
    "ssl": undefined,
    "standardConformingStrings": true,
    "storage": "/Users/kenedy-/projects/mvpapplication/src/utils/mvpapplication.sqlite",
    "sync": {},
    "timezone": "+00:00",
    "transactionType": "DEFERRED",
    "typeValidation": false,
  },
  "queryInterface": SQLiteQueryInterface {
    "queryGenerator": SQLiteQueryGenerator {
      "OperatorMap": {
        Symbol(eq): "=",
        Symbol(ne): "!=",
        Symbol(gte): ">=",
        Symbol(gt): ">",
        Symbol(lte): "<=",
        Symbol(lt): "<",
        Symbol(not): "IS NOT",
        Symbol(is): "IS",
        Symbol(in): "IN",
        Symbol(notIn): "NOT IN",
        Symbol(like): "LIKE",
        Symbol(notLike): "NOT LIKE",
        Symbol(iLike): "ILIKE",
        Symbol(notILike): "NOT ILIKE",
        Symbol(startsWith): "LIKE",
        Symbol(endsWith): "LIKE",
        Symbol(substring): "LIKE",
        Symbol(regexp): "REGEXP",
        Symbol(notRegexp): "NOT REGEXP",
        Symbol(iRegexp): "~*",
        Symbol(notIRegexp): "!~*",
        Symbol(between): "BETWEEN",
        Symbol(notBetween): "NOT BETWEEN",
        Symbol(overlap): "&&",
        Symbol(contains): "@>",
        Symbol(contained): "<@",
        Symbol(adjacent): "-|-",
        Symbol(strictLeft): "<<",
        Symbol(strictRight): ">>",
        Symbol(noExtendRight): "&<",
        Symbol(noExtendLeft): "&>",
        Symbol(any): "ANY",
        Symbol(all): "ALL",
        Symbol(and): " AND ",
        Symbol(or): " OR ",
        Symbol(col): "COL",
        Symbol(placeholder): "$$PLACEHOLDER$$",
        Symbol(match): "@@",
      },
      "_dialect": SqliteDialect {
        "connectionManager": ConnectionManager {
          "config": {
            "database": "mvpapplication",
            "dialectModule": null,
            "dialectModulePath": null,
            "dialectOptions": undefined,
            "host": "127.0.0.1",
            "keepDefaultTimezone": undefined,
            "native": false,
            "password": "password",
            "pool": {
              "acquire": 60000,
              "evict": 1000,
              "idle": 10000,
              "max": 5,
              "min": 0,
              "validate": [Function],
            },
            "port": 5432,
            "protocol": "tcp",
            "replication": false,
            "ssl": undefined,
            "username": "root",
          },
          "connections": {},
          "dialect": [Circular],
          "dialectName": "sqlite",
          "lib": {
            "ABORT": 4,
            "AUTH": 23,
            "BUSY": 5,
            "Backup": [Function],
            "CANTOPEN": 14,
            "CONSTRAINT": 19,
            "CORRUPT": 11,
            "Database": [Function],
            "EMPTY": 16,
            "ERROR": 1,
            "FORMAT": 24,
            "FULL": 13,
            "INTERNAL": 2,
            "INTERRUPT": 9,
            "IOERR": 10,
            "LIMIT_ATTACHED": 7,
            "LIMIT_COLUMN": 2,
            "LIMIT_COMPOUND_SELECT": 4,
            "LIMIT_EXPR_DEPTH": 3,
            "LIMIT_FUNCTION_ARG": 6,
            "LIMIT_LENGTH": 0,
            "LIMIT_LIKE_PATTERN_LENGTH": 8,
            "LIMIT_SQL_LENGTH": 1,
            "LIMIT_TRIGGER_DEPTH": 10,
            "LIMIT_VARIABLE_NUMBER": 9,
            "LIMIT_VDBE_OP": 5,
            "LIMIT_WORKER_THREADS": 11,
            "LOCKED": 6,
            "MISMATCH": 20,
            "MISUSE": 21,
            "NOLFS": 22,
            "NOMEM": 7,
            "NOTADB": 26,
            "NOTFOUND": 12,
            "OK": 0,
            "OPEN_CREATE": 4,
            "OPEN_FULLMUTEX": 65536,
            "OPEN_PRIVATECACHE": 262144,
            "OPEN_READONLY": 1,
            "OPEN_READWRITE": 2,
            "OPEN_SHAREDCACHE": 131072,
            "OPEN_URI": 64,
            "PERM": 3,
            "PROTOCOL": 15,
            "RANGE": 25,
            "READONLY": 8,
            "SCHEMA": 17,
            "SOURCE_ID": "2023-03-10 12:13:52 20399f3eda5ec249d147ba9e48da6e87f969d7966a9a896764ca437ff7e737ff",
            "Statement": [Function],
            "TOOBIG": 18,
            "VERSION": "3.41.1",
            "VERSION_NUMBER": 3041001,
            "cached": {
              "Database": [Function],
              "objects": {},
            },
            "verbose": [Function],
          },
          "pool": Pool {
            "_availableObjects": [],
            "_count": 0,
            "_draining": false,
            "_factory": {
              "acquireTimeoutMillis": 60000,
              "create": [Function],
              "destroy": [Function],
              "idleTimeoutMillis": 10000,
              "max": 5,
              "maxUses": undefined,
              "min": 0,
              "name": "sequelize",
              "reapIntervalMillis": 1000,
              "validate": [Function],
            },
            "_inUseObjects": [],
            "_pendingAcquires": [],
            "_removeIdleScheduled": false,
            "acquireTimeoutMillis": 60000,
            "idleTimeoutMillis": 10000,
            "log": false,
            "maxUsesPerResource": Infinity,
            "reapIntervalMillis": 1000,
          },
          "sequelize": [Circular],
          "versionPromise": null,
        },
        "queryGenerator": [Circular],
        "queryInterface": [Circular],
        "sequelize": [Circular],
      },
      "_quoteIdentifier": [Function],
      "dialect": "sqlite",
      "options": {
        "attributeBehavior": "throw",
        "benchmark": false,
        "database": "mvpapplication",
        "databaseVersion": 0,
        "define": {},
        "dialect": "sqlite",
        "dialectModule": null,
        "dialectModulePath": null,
        "hooks": {},
        "host": "127.0.0.1",
        "isolationLevel": null,
        "logQueryParameters": false,
        "logging": false,
        "minifyAliases": false,
        "native": false,
        "omitNull": false,
        "pool": {},
        "port": 5432,
        "protocol": "tcp",
        "query": {},
        "quoteIdentifiers": true,
        "replication": false,
        "retry": {
          "match": [
            "SQLITE_BUSY: database is locked",
          ],
          "max": 5,
        },
        "ssl": undefined,
        "standardConformingStrings": true,
        "storage": "/Users/kenedy-/projects/mvpapplication/src/utils/mvpapplication.sqlite",
        "sync": {},
        "timezone": "+00:00",
        "transactionType": "DEFERRED",
        "typeValidation": false,
      },
      "quoteIdentifier": [Function],
      "sequelize": [Circular],
      "typeValidation": undefined,
    },
    "sequelize": [Circular],
  },
}
`;
